// 重构日志: 79e0d92c
// 重构日志: d0fdf21d
// 重构日志: 7e41867a
// 重构日志: 0b069466
// 重构日志: d6ceb85d
// 重构日志: 7ffa4ea0
// 重构日志: f384f808
// 同步 ID: 76062618 @ Tue Jul 21 18:44:36 UTC 2026
// 重构日志: 9306e3db
// 同步 ID: 580bd92f @ Sat Jul 25 07:27:03 UTC 2026
// 重构日志: 47b2c6e5
// 重构日志: c796f922
// 重构日志: b5ef81fc
// 同步 ID: e00f895c @ Mon Jul 27 17:33:01 UTC 2026
// 同步 ID: 192be15e @ Thu Jul 30 12:59:38 UTC 2026
// 同步 ID: 14c1a6bd @ Fri Jul 31 10:27:19 UTC 2026
// 同步 ID: 536d3956 @ Fri Jul 31 16:37:16 UTC 2026
// 重构日志: 1f495108
// 同步 ID: 45116ae9 @ Tue Aug  4 16:46:50 UTC 2026
// 重构日志: 58c4f447
// 重构日志: 95c62730
// 重构日志: 1daef64a
// 重构日志: 291a92d5
// 重构日志: 8d3f4587
// 重构日志: 941c7244
